// Jest Snapshot v1, https://goo.gl/fbAQLP

exports[`renders without crashing 1`] = `
ShallowWrapper {
  Symbol(enzyme.__root__): [Circular],
  Symbol(enzyme.__unrendered__): <Tile
    idea={
      Object {
        "date": 111,
        "description": "description",
        "id": "1",
        "new": false,
        "title": "title",
      }
    }
  />,
  Symbol(enzyme.__renderer__): Object {
    "batchedUpdates": [Function],
    "checkPropTypes": [Function],
    "getNode": [Function],
    "render": [Function],
    "simulateError": [Function],
    "simulateEvent": [Function],
    "unmount": [Function],
  },
  Symbol(enzyme.__node__): Object {
    "instance": null,
    "key": undefined,
    "nodeType": "host",
    "props": Object {
      "children": Array [
        <UNDEFINED
          date={111}
          description="description"
          title="title"
        />,
        <FontAwesomeIcon
          aria-label="edit"
          border={false}
          className="edit"
          fixedWidth={false}
          flip={null}
          icon={
            Object {
              "icon": Array [
                576,
                512,
                Array [],
                "f044",
                "M402.6 83.2l90.2 90.2c3.8 3.8 3.8 10 0 13.8L274.4 405.6l-92.8 10.3c-12.4 1.4-22.9-9.1-21.5-21.5l10.3-92.8L388.8 83.2c3.8-3.8 10-3.8 13.8 0zm162-22.9l-48.8-48.8c-15.2-15.2-39.9-15.2-55.2 0l-35.4 35.4c-3.8 3.8-3.8 10 0 13.8l90.2 90.2c3.8 3.8 10 3.8 13.8 0l35.4-35.4c15.2-15.3 15.2-40 0-55.2zM384 346.2V448H64V128h229.8c3.2 0 6.2-1.3 8.5-3.5l40-40c7.6-7.6 2.2-20.5-8.5-20.5H48C21.5 64 0 85.5 0 112v352c0 26.5 21.5 48 48 48h352c26.5 0 48-21.5 48-48V306.2c0-10.7-12.9-16-20.5-8.5l-40 40c-2.2 2.3-3.5 5.3-3.5 8.5z",
              ],
              "iconName": "edit",
              "prefix": "fas",
            }
          }
          inverse={false}
          listItem={false}
          mask={null}
          onClick={[Function]}
          onKeyUp={[Function]}
          pull={null}
          pulse={false}
          role="button"
          rotation={null}
          size="lg"
          spin={false}
          symbol={false}
          tabIndex="0"
          title=""
          transform={null}
        />,
        <FontAwesomeIcon
          aria-label="delete"
          border={false}
          className="delete"
          fixedWidth={false}
          flip={null}
          icon={
            Object {
              "icon": Array [
                448,
                512,
                Array [],
                "f1f8",
                "M432 32H312l-9.4-18.7A24 24 0 0 0 281.1 0H166.8a23.72 23.72 0 0 0-21.4 13.3L136 32H16A16 16 0 0 0 0 48v32a16 16 0 0 0 16 16h416a16 16 0 0 0 16-16V48a16 16 0 0 0-16-16zM53.2 467a48 48 0 0 0 47.9 45h245.8a48 48 0 0 0 47.9-45L416 128H32z",
              ],
              "iconName": "trash",
              "prefix": "fas",
            }
          }
          inverse={false}
          listItem={false}
          mask={null}
          onClick={[Function]}
          onKeyUp={[Function]}
          pull={null}
          pulse={false}
          role="button"
          rotation={null}
          size="lg"
          spin={false}
          symbol={false}
          tabIndex="0"
          title=""
          transform={null}
        />,
      ],
      "className": "wrapper",
      "tabIndex": "0",
    },
    "ref": null,
    "rendered": Array [
      Object {
        "instance": null,
        "key": undefined,
        "nodeType": "function",
        "props": Object {
          "date": 111,
          "description": "description",
          "title": "title",
        },
        "ref": null,
        "rendered": null,
        "type": Object {
          "$$typeof": Symbol(react.memo),
          "compare": null,
          "type": [Function],
        },
      },
      Object {
        "instance": null,
        "key": undefined,
        "nodeType": "function",
        "props": Object {
          "aria-label": "edit",
          "border": false,
          "className": "edit",
          "fixedWidth": false,
          "flip": null,
          "icon": Object {
            "icon": Array [
              576,
              512,
              Array [],
              "f044",
              "M402.6 83.2l90.2 90.2c3.8 3.8 3.8 10 0 13.8L274.4 405.6l-92.8 10.3c-12.4 1.4-22.9-9.1-21.5-21.5l10.3-92.8L388.8 83.2c3.8-3.8 10-3.8 13.8 0zm162-22.9l-48.8-48.8c-15.2-15.2-39.9-15.2-55.2 0l-35.4 35.4c-3.8 3.8-3.8 10 0 13.8l90.2 90.2c3.8 3.8 10 3.8 13.8 0l35.4-35.4c15.2-15.3 15.2-40 0-55.2zM384 346.2V448H64V128h229.8c3.2 0 6.2-1.3 8.5-3.5l40-40c7.6-7.6 2.2-20.5-8.5-20.5H48C21.5 64 0 85.5 0 112v352c0 26.5 21.5 48 48 48h352c26.5 0 48-21.5 48-48V306.2c0-10.7-12.9-16-20.5-8.5l-40 40c-2.2 2.3-3.5 5.3-3.5 8.5z",
            ],
            "iconName": "edit",
            "prefix": "fas",
          },
          "inverse": false,
          "listItem": false,
          "mask": null,
          "onClick": [Function],
          "onKeyUp": [Function],
          "pull": null,
          "pulse": false,
          "role": "button",
          "rotation": null,
          "size": "lg",
          "spin": false,
          "symbol": false,
          "tabIndex": "0",
          "title": "",
          "transform": null,
        },
        "ref": null,
        "rendered": null,
        "type": [Function],
      },
      Object {
        "instance": null,
        "key": undefined,
        "nodeType": "function",
        "props": Object {
          "aria-label": "delete",
          "border": false,
          "className": "delete",
          "fixedWidth": false,
          "flip": null,
          "icon": Object {
            "icon": Array [
              448,
              512,
              Array [],
              "f1f8",
              "M432 32H312l-9.4-18.7A24 24 0 0 0 281.1 0H166.8a23.72 23.72 0 0 0-21.4 13.3L136 32H16A16 16 0 0 0 0 48v32a16 16 0 0 0 16 16h416a16 16 0 0 0 16-16V48a16 16 0 0 0-16-16zM53.2 467a48 48 0 0 0 47.9 45h245.8a48 48 0 0 0 47.9-45L416 128H32z",
            ],
            "iconName": "trash",
            "prefix": "fas",
          },
          "inverse": false,
          "listItem": false,
          "mask": null,
          "onClick": [Function],
          "onKeyUp": [Function],
          "pull": null,
          "pulse": false,
          "role": "button",
          "rotation": null,
          "size": "lg",
          "spin": false,
          "symbol": false,
          "tabIndex": "0",
          "title": "",
          "transform": null,
        },
        "ref": null,
        "rendered": null,
        "type": [Function],
      },
    ],
    "type": "div",
  },
  Symbol(enzyme.__nodes__): Array [
    Object {
      "instance": null,
      "key": undefined,
      "nodeType": "host",
      "props": Object {
        "children": Array [
          <UNDEFINED
            date={111}
            description="description"
            title="title"
          />,
          <FontAwesomeIcon
            aria-label="edit"
            border={false}
            className="edit"
            fixedWidth={false}
            flip={null}
            icon={
              Object {
                "icon": Array [
                  576,
                  512,
                  Array [],
                  "f044",
                  "M402.6 83.2l90.2 90.2c3.8 3.8 3.8 10 0 13.8L274.4 405.6l-92.8 10.3c-12.4 1.4-22.9-9.1-21.5-21.5l10.3-92.8L388.8 83.2c3.8-3.8 10-3.8 13.8 0zm162-22.9l-48.8-48.8c-15.2-15.2-39.9-15.2-55.2 0l-35.4 35.4c-3.8 3.8-3.8 10 0 13.8l90.2 90.2c3.8 3.8 10 3.8 13.8 0l35.4-35.4c15.2-15.3 15.2-40 0-55.2zM384 346.2V448H64V128h229.8c3.2 0 6.2-1.3 8.5-3.5l40-40c7.6-7.6 2.2-20.5-8.5-20.5H48C21.5 64 0 85.5 0 112v352c0 26.5 21.5 48 48 48h352c26.5 0 48-21.5 48-48V306.2c0-10.7-12.9-16-20.5-8.5l-40 40c-2.2 2.3-3.5 5.3-3.5 8.5z",
                ],
                "iconName": "edit",
                "prefix": "fas",
              }
            }
            inverse={false}
            listItem={false}
            mask={null}
            onClick={[Function]}
            onKeyUp={[Function]}
            pull={null}
            pulse={false}
            role="button"
            rotation={null}
            size="lg"
            spin={false}
            symbol={false}
            tabIndex="0"
            title=""
            transform={null}
          />,
          <FontAwesomeIcon
            aria-label="delete"
            border={false}
            className="delete"
            fixedWidth={false}
            flip={null}
            icon={
              Object {
                "icon": Array [
                  448,
                  512,
                  Array [],
                  "f1f8",
                  "M432 32H312l-9.4-18.7A24 24 0 0 0 281.1 0H166.8a23.72 23.72 0 0 0-21.4 13.3L136 32H16A16 16 0 0 0 0 48v32a16 16 0 0 0 16 16h416a16 16 0 0 0 16-16V48a16 16 0 0 0-16-16zM53.2 467a48 48 0 0 0 47.9 45h245.8a48 48 0 0 0 47.9-45L416 128H32z",
                ],
                "iconName": "trash",
                "prefix": "fas",
              }
            }
            inverse={false}
            listItem={false}
            mask={null}
            onClick={[Function]}
            onKeyUp={[Function]}
            pull={null}
            pulse={false}
            role="button"
            rotation={null}
            size="lg"
            spin={false}
            symbol={false}
            tabIndex="0"
            title=""
            transform={null}
          />,
        ],
        "className": "wrapper",
        "tabIndex": "0",
      },
      "ref": null,
      "rendered": Array [
        Object {
          "instance": null,
          "key": undefined,
          "nodeType": "function",
          "props": Object {
            "date": 111,
            "description": "description",
            "title": "title",
          },
          "ref": null,
          "rendered": null,
          "type": Object {
            "$$typeof": Symbol(react.memo),
            "compare": null,
            "type": [Function],
          },
        },
        Object {
          "instance": null,
          "key": undefined,
          "nodeType": "function",
          "props": Object {
            "aria-label": "edit",
            "border": false,
            "className": "edit",
            "fixedWidth": false,
            "flip": null,
            "icon": Object {
              "icon": Array [
                576,
                512,
                Array [],
                "f044",
                "M402.6 83.2l90.2 90.2c3.8 3.8 3.8 10 0 13.8L274.4 405.6l-92.8 10.3c-12.4 1.4-22.9-9.1-21.5-21.5l10.3-92.8L388.8 83.2c3.8-3.8 10-3.8 13.8 0zm162-22.9l-48.8-48.8c-15.2-15.2-39.9-15.2-55.2 0l-35.4 35.4c-3.8 3.8-3.8 10 0 13.8l90.2 90.2c3.8 3.8 10 3.8 13.8 0l35.4-35.4c15.2-15.3 15.2-40 0-55.2zM384 346.2V448H64V128h229.8c3.2 0 6.2-1.3 8.5-3.5l40-40c7.6-7.6 2.2-20.5-8.5-20.5H48C21.5 64 0 85.5 0 112v352c0 26.5 21.5 48 48 48h352c26.5 0 48-21.5 48-48V306.2c0-10.7-12.9-16-20.5-8.5l-40 40c-2.2 2.3-3.5 5.3-3.5 8.5z",
              ],
              "iconName": "edit",
              "prefix": "fas",
            },
            "inverse": false,
            "listItem": false,
            "mask": null,
            "onClick": [Function],
            "onKeyUp": [Function],
            "pull": null,
            "pulse": false,
            "role": "button",
            "rotation": null,
            "size": "lg",
            "spin": false,
            "symbol": false,
            "tabIndex": "0",
            "title": "",
            "transform": null,
          },
          "ref": null,
          "rendered": null,
          "type": [Function],
        },
        Object {
          "instance": null,
          "key": undefined,
          "nodeType": "function",
          "props": Object {
            "aria-label": "delete",
            "border": false,
            "className": "delete",
            "fixedWidth": false,
            "flip": null,
            "icon": Object {
              "icon": Array [
                448,
                512,
                Array [],
                "f1f8",
                "M432 32H312l-9.4-18.7A24 24 0 0 0 281.1 0H166.8a23.72 23.72 0 0 0-21.4 13.3L136 32H16A16 16 0 0 0 0 48v32a16 16 0 0 0 16 16h416a16 16 0 0 0 16-16V48a16 16 0 0 0-16-16zM53.2 467a48 48 0 0 0 47.9 45h245.8a48 48 0 0 0 47.9-45L416 128H32z",
              ],
              "iconName": "trash",
              "prefix": "fas",
            },
            "inverse": false,
            "listItem": false,
            "mask": null,
            "onClick": [Function],
            "onKeyUp": [Function],
            "pull": null,
            "pulse": false,
            "role": "button",
            "rotation": null,
            "size": "lg",
            "spin": false,
            "symbol": false,
            "tabIndex": "0",
            "title": "",
            "transform": null,
          },
          "ref": null,
          "rendered": null,
          "type": [Function],
        },
      ],
      "type": "div",
    },
  ],
  Symbol(enzyme.__options__): Object {
    "adapter": ReactSixteenAdapter {
      "options": Object {
        "enableComponentDidUpdateOnSetState": true,
        "legacyContextMode": "parent",
        "lifecycles": Object {
          "componentDidUpdate": Object {
            "onSetState": true,
          },
          "getChildContext": Object {
            "calledByRenderer": false,
          },
          "getDerivedStateFromError": true,
          "getDerivedStateFromProps": Object {
            "hasShouldComponentUpdateBug": false,
          },
          "getSnapshotBeforeUpdate": true,
          "setState": Object {
            "skipsComponentDidUpdateOnNullish": true,
          },
        },
      },
    },
    Symbol(enzyme.__providerValues__): undefined,
  },
  Symbol(enzyme.__providerValues__): Map {},
  Symbol(enzyme.__childContext__): null,
}
`;
